Vivado Simulator v2023.1
Copyright 1986-2022 Xilinx, Inc. All Rights Reserved.
Copyright 2022-2023 Advanced Micro Devices, Inc. All Rights Reserved.
Running: E:/Xilink/Vivado/2023.1/bin/unwrapped/win64.o/xelab.exe --incr --debug typical --relax --mt 2 -L xil_defaultlib -L unisims_ver -L unimacro_ver -L secureip --snapshot votingMachine_tb_behav xil_defaultlib.votingMachine_tb xil_defaultlib.glbl -log elaborate.log 
Using 2 slave threads.
Starting static elaboration
Pass Through NonSizing Optimizer
Completed static elaboration
Starting simulation data flow analysis
Completed simulation data flow analysis
Time Resolution for simulation is 1ps
Compiling module xil_defaultlib.buttonControl(HOLD_THRESHOLD=10)
Compiling module xil_defaultlib.votingTimer(ONE_SEC=20)
Compiling module xil_defaultlib.memoryUnit
Compiling module xil_defaultlib.ALU
Compiling module xil_defaultlib.comparator
Compiling module xil_defaultlib.fetchExecuteUnit
Compiling module xil_defaultlib.controlUnit(CONFIRM_CYCLES=20,ER...
Compiling module xil_defaultlib.sevenSegDisplay
Compiling module xil_defaultlib.votingMachine(HOLD_THRESHOLD=10,...
Compiling module xil_defaultlib.votingMachine_tb
Compiling module xil_defaultlib.glbl
Built simulation snapshot votingMachine_tb_behav
