Copyright 1986-2022 Xilinx, Inc. All Rights Reserved. Copyright 2022-2023 Advanced Micro Devices, Inc. All Rights Reserved.
---------------------------------------------------------------------------------------------------------------------------------------------
| Tool Version : Vivado v.2023.1 (win64) Build 3865809 Sun May  7 15:05:29 MDT 2023
| Date         : Fri Apr 10 14:59:33 2026
| Host         : Mofazzal874 running 64-bit major release  (build 9200)
| Command      : report_control_sets -verbose -file votingMachine_control_sets_placed.rpt
| Design       : votingMachine
| Device       : xc7a35t
---------------------------------------------------------------------------------------------------------------------------------------------

Control Set Information

Table of Contents
-----------------
1. Summary
2. Histogram
3. Flip-Flop Distribution
4. Detailed Control Set Information

1. Summary
----------

+----------------------------------------------------------+-------+
|                          Status                          | Count |
+----------------------------------------------------------+-------+
| Total control sets                                       |    25 |
|    Minimum number of control sets                        |    25 |
|    Addition due to synthesis replication                 |     0 |
|    Addition due to physical synthesis replication        |     0 |
| Unused register locations in slices containing registers |   101 |
+----------------------------------------------------------+-------+
* Control sets can be merged at opt_design using control_set_merge or merge_equivalent_drivers
** Run report_qor_suggestions for automated merging and remapping suggestions


2. Histogram
------------

+--------------------+-------+
|       Fanout       | Count |
+--------------------+-------+
| Total control sets |    25 |
| >= 0 to < 4        |     2 |
| >= 4 to < 6        |     5 |
| >= 6 to < 8        |     1 |
| >= 8 to < 10       |     5 |
| >= 10 to < 12      |     0 |
| >= 12 to < 14      |     0 |
| >= 14 to < 16      |     0 |
| >= 16              |    12 |
+--------------------+-------+
* Control sets can be remapped at either synth_design or opt_design


3. Flip-Flop Distribution
-------------------------

+--------------+-----------------------+------------------------+-----------------+--------------+
| Clock Enable | Synchronous Set/Reset | Asynchronous Set/Reset | Total Registers | Total Slices |
+--------------+-----------------------+------------------------+-----------------+--------------+
| No           | No                    | No                     |               1 |            1 |
| No           | No                    | Yes                    |               0 |            0 |
| No           | Yes                   | No                     |              32 |           14 |
| Yes          | No                    | No                     |               4 |            1 |
| Yes          | No                    | Yes                    |               0 |            0 |
| Yes          | Yes                   | No                     |             350 |          132 |
+--------------+-----------------------+------------------------+-----------------+--------------+


4. Detailed Control Set Information
-----------------------------------

+------------------+-------------------------------------+----------------------------+------------------+----------------+--------------+
|   Clock Signal   |            Enable Signal            |      Set/Reset Signal      | Slice Load Count | Bel Load Count | Bels / Slice |
+------------------+-------------------------------------+----------------------------+------------------+----------------+--------------+
|  clock_IBUF_BUFG |                                     |                            |                1 |              1 |         1.00 |
|  clock_IBUF_BUFG | btnc_stable                         | CU/system_reset            |                1 |              1 |         1.00 |
|  clock_IBUF_BUFG | FEU/FSM_sequential_state[3]_i_1_n_0 | CU/system_reset            |                2 |              4 |         2.00 |
|  clock_IBUF_BUFG | TIMER/mins_elapsed[3]_i_1_n_0       | CU/SR[0]                   |                1 |              4 |         4.00 |
|  clock_IBUF_BUFG | CU/system_reset                     |                            |                1 |              4 |         4.00 |
|  clock_IBUF_BUFG | CU/state[4]_i_1_n_0                 | CU/system_reset            |                2 |              5 |         2.50 |
|  clock_IBUF_BUFG | CU/reset_counter_reg[8]_0           | CU/system_reset            |                2 |              5 |         2.50 |
|  clock_IBUF_BUFG | TIMER/sec_in_min[5]_i_1_n_0         | CU/SR[0]                   |                2 |              6 |         3.00 |
|  clock_IBUF_BUFG | FEU/fe_match_addr[8]_i_1_n_0        | CU/system_reset            |                5 |              9 |         1.80 |
|  clock_IBUF_BUFG | FEU/mar                             | CU/system_reset            |                4 |              9 |         2.25 |
|  clock_IBUF_BUFG | FEU/pc                              | CU/system_reset            |                7 |              9 |         1.29 |
|  clock_IBUF_BUFG | CU/saved_match_addr[8]_i_1_n_0      | CU/system_reset            |                2 |              9 |         4.50 |
|  clock_IBUF_BUFG | CU/reset_counter[8]_i_1_n_0         | CU/system_reset            |                3 |              9 |         3.00 |
|  clock_IBUF_BUFG | CU/saved_switches[15]_i_1_n_0       | CU/system_reset            |               10 |             16 |         1.60 |
|  clock_IBUF_BUFG | CU/result_value[15]_i_1_n_0         | CU/system_reset            |                9 |             16 |         1.78 |
|  clock_IBUF_BUFG | sel                                 | btnc_db_counter[0]_i_1_n_0 |                6 |             21 |         3.50 |
|  clock_IBUF_BUFG | TIMER/sec_counter[26]_i_2_n_0       | CU/SR[0]                   |               11 |             27 |         2.45 |
|  clock_IBUF_BUFG | CU/counter_reg[26]                  | bc1/counter[0]_i_1__2_n_0  |                7 |             27 |         3.86 |
|  clock_IBUF_BUFG | CU/counter_reg[26]_1                | bc3/counter[0]_i_1__0_n_0  |                7 |             27 |         3.86 |
|  clock_IBUF_BUFG | CU/counter_reg[26]_0                | bc2/counter[0]_i_1__1_n_0  |                7 |             27 |         3.86 |
|  clock_IBUF_BUFG | bc4/counter[0]_i_2__2_n_0           | bc4/counter[0]_i_1_n_0     |                7 |             27 |         3.86 |
|  clock_IBUF_BUFG | CU/delay_counter[27]_i_1_n_0        | CU/system_reset            |               12 |             28 |         2.33 |
|  clock_IBUF_BUFG |                                     | CU/system_reset            |               14 |             32 |         2.29 |
|  clock_IBUF_BUFG | FEU/mbr                             | CU/system_reset            |               13 |             32 |         2.46 |
|  clock_IBUF_BUFG | FEU/E[0]                            | CU/system_reset            |               12 |             32 |         2.67 |
+------------------+-------------------------------------+----------------------------+------------------+----------------+--------------+


